// Jest Snapshot v1, https://goo.gl/fbAQLP

exports[`<ButtonComp/> MAke sure the element render successfully 1`] = `
<View
  accessibilityState={
    {
      "busy": undefined,
      "checked": undefined,
      "disabled": undefined,
      "expanded": undefined,
      "selected": undefined,
    }
  }
  accessibilityValue={
    {
      "max": undefined,
      "min": undefined,
      "now": undefined,
      "text": undefined,
    }
  }
  accessible={true}
  collapsable={false}
  focusable={true}
  onClick={[Function]}
  onResponderGrant={[Function]}
  onResponderMove={[Function]}
  onResponderRelease={[Function]}
  onResponderTerminate={[Function]}
  onResponderTerminationRequest={[Function]}
  onStartShouldSetResponder={[Function]}
  style={
    {
      "backgroundColor": "#ff77ff",
      "borderRadius": 17,
      "marginHorizontal": "21%",
      "opacity": 1,
    }
  }
>
  <Text
    style={
      {
        "color": "#ffffff",
        "fontSize": 24,
        "padding": 11,
        "textAlign": "center",
      }
    }
  >
    Click
  </Text>
</View>
`;
